{"__type":"$$EventMessageAudit","id":"e44a3284-4f7f-4698-962a-3582a6ab49b4","ts":"2026-01-10T07:37:05.098-05:00","eventName":"n8n.audit.workflow.created","message":"n8n.audit.workflow.created","payload":{"userId":"50d9029f-a956-4b07-8ddf-14d69becd54c","_email":"felipeneneu@outlook.com","_firstName":"Felipe","_lastName":"Neneu","globalRole":"global:owner","workflowId":"vV7VhZ1K8SM67v3VjEW6s","workflowName":"Order Created - WhatsApp Notification (Evolution)"}}
{"__type":"$$EventMessageConfirm","confirm":"e44a3284-4f7f-4698-962a-3582a6ab49b4","ts":"2026-01-10T07:37:05.104-05:00","source":{"id":"0","name":"eventBus"}}
{"__type":"$$EventMessageWorkflow","id":"2c5e57ce-2cbd-4061-95a3-16e461140342","ts":"2026-01-10T07:46:48.284-05:00","eventName":"n8n.workflow.started","message":"n8n.workflow.started","payload":{"executionId":"1","workflowId":"vV7VhZ1K8SM67v3VjEW6s","isManual":false,"workflowName":"Order Created - WhatsApp Notification (Evolution)"}}
{"__type":"$$EventMessageConfirm","confirm":"2c5e57ce-2cbd-4061-95a3-16e461140342","ts":"2026-01-10T07:46:48.285-05:00","source":{"id":"0","name":"eventBus"}}
{"__type":"$$EventMessageNode","id":"488730e6-d33c-4fd1-8889-855eff34d14b","ts":"2026-01-10T07:46:48.286-05:00","eventName":"n8n.node.started","message":"n8n.node.started","payload":{"workflowId":"vV7VhZ1K8SM67v3VjEW6s","workflowName":"Order Created - WhatsApp Notification (Evolution)","executionId":"1","nodeType":"n8n-nodes-base.webhook","nodeName":"Webhook","nodeId":"647c9761-3d16-4dba-89eb-45a2f23bd13d"}}
{"__type":"$$EventMessageConfirm","confirm":"488730e6-d33c-4fd1-8889-855eff34d14b","ts":"2026-01-10T07:46:48.286-05:00","source":{"id":"0","name":"eventBus"}}
{"__type":"$$EventMessageNode","id":"410e8cf8-9a60-44d1-8591-b8bef887e95f","ts":"2026-01-10T07:46:48.287-05:00","eventName":"n8n.node.finished","message":"n8n.node.finished","payload":{"workflowId":"vV7VhZ1K8SM67v3VjEW6s","workflowName":"Order Created - WhatsApp Notification (Evolution)","executionId":"1","nodeType":"n8n-nodes-base.webhook","nodeName":"Webhook","nodeId":"647c9761-3d16-4dba-89eb-45a2f23bd13d"}}
{"__type":"$$EventMessageConfirm","confirm":"410e8cf8-9a60-44d1-8591-b8bef887e95f","ts":"2026-01-10T07:46:48.288-05:00","source":{"id":"0","name":"eventBus"}}
{"__type":"$$EventMessageWorkflow","id":"8991ca2d-712f-436c-95ee-44359fa83cf4","ts":"2026-01-10T07:46:48.289-05:00","eventName":"n8n.workflow.success","message":"n8n.workflow.success","payload":{"executionId":"1","success":true,"isManual":true,"workflowId":"vV7VhZ1K8SM67v3VjEW6s","workflowName":"Order Created - WhatsApp Notification (Evolution)"}}
{"__type":"$$EventMessageConfirm","confirm":"8991ca2d-712f-436c-95ee-44359fa83cf4","ts":"2026-01-10T07:46:48.289-05:00","source":{"id":"0","name":"eventBus"}}
{"__type":"$$EventMessageWorkflow","id":"33fa4621-6595-4951-8a3c-505ecd1a954f","ts":"2026-01-10T07:47:50.273-05:00","eventName":"n8n.workflow.started","message":"n8n.workflow.started","payload":{"executionId":"2","workflowId":"vV7VhZ1K8SM67v3VjEW6s","isManual":false,"workflowName":"Order Created - WhatsApp Notification (Evolution)"}}
{"__type":"$$EventMessageConfirm","confirm":"33fa4621-6595-4951-8a3c-505ecd1a954f","ts":"2026-01-10T07:47:50.273-05:00","source":{"id":"0","name":"eventBus"}}
{"__type":"$$EventMessageNode","id":"2ecfdfd2-19e7-48ad-aa4a-c69a661e2bc3","ts":"2026-01-10T07:47:50.273-05:00","eventName":"n8n.node.started","message":"n8n.node.started","payload":{"workflowId":"vV7VhZ1K8SM67v3VjEW6s","workflowName":"Order Created - WhatsApp Notification (Evolution)","executionId":"2","nodeType":"n8n-nodes-base.webhook","nodeName":"Webhook","nodeId":"647c9761-3d16-4dba-89eb-45a2f23bd13d"}}
{"__type":"$$EventMessageConfirm","confirm":"2ecfdfd2-19e7-48ad-aa4a-c69a661e2bc3","ts":"2026-01-10T07:47:50.273-05:00","source":{"id":"0","name":"eventBus"}}
{"__type":"$$EventMessageNode","id":"96c3fc0f-c8fa-4167-b17c-381a088d4c18","ts":"2026-01-10T07:47:50.274-05:00","eventName":"n8n.node.finished","message":"n8n.node.finished","payload":{"workflowId":"vV7VhZ1K8SM67v3VjEW6s","workflowName":"Order Created - WhatsApp Notification (Evolution)","executionId":"2","nodeType":"n8n-nodes-base.webhook","nodeName":"Webhook","nodeId":"647c9761-3d16-4dba-89eb-45a2f23bd13d"}}
{"__type":"$$EventMessageConfirm","confirm":"96c3fc0f-c8fa-4167-b17c-381a088d4c18","ts":"2026-01-10T07:47:50.274-05:00","source":{"id":"0","name":"eventBus"}}
{"__type":"$$EventMessageWorkflow","id":"8b191572-99a9-46d8-9ee1-5b2feb5899b9","ts":"2026-01-10T07:47:50.274-05:00","eventName":"n8n.workflow.success","message":"n8n.workflow.success","payload":{"executionId":"2","success":true,"isManual":true,"workflowId":"vV7VhZ1K8SM67v3VjEW6s","workflowName":"Order Created - WhatsApp Notification (Evolution)"}}
{"__type":"$$EventMessageConfirm","confirm":"8b191572-99a9-46d8-9ee1-5b2feb5899b9","ts":"2026-01-10T07:47:50.274-05:00","source":{"id":"0","name":"eventBus"}}
{"__type":"$$EventMessageWorkflow","id":"bd9cee5d-2a1a-4a38-8d0c-9025e44f77c8","ts":"2026-01-10T07:49:18.023-05:00","eventName":"n8n.workflow.started","message":"n8n.workflow.started","payload":{"executionId":"3","workflowId":"vV7VhZ1K8SM67v3VjEW6s","isManual":false,"workflowName":"Order Created - WhatsApp Notification (Evolution)"}}
{"__type":"$$EventMessageConfirm","confirm":"bd9cee5d-2a1a-4a38-8d0c-9025e44f77c8","ts":"2026-01-10T07:49:18.023-05:00","source":{"id":"0","name":"eventBus"}}
{"__type":"$$EventMessageNode","id":"9a090974-4304-40da-8f39-732b73af9f68","ts":"2026-01-10T07:49:18.024-05:00","eventName":"n8n.node.started","message":"n8n.node.started","payload":{"workflowId":"vV7VhZ1K8SM67v3VjEW6s","workflowName":"Order Created - WhatsApp Notification (Evolution)","executionId":"3","nodeType":"n8n-nodes-base.webhook","nodeName":"Webhook","nodeId":"647c9761-3d16-4dba-89eb-45a2f23bd13d"}}
{"__type":"$$EventMessageConfirm","confirm":"9a090974-4304-40da-8f39-732b73af9f68","ts":"2026-01-10T07:49:18.024-05:00","source":{"id":"0","name":"eventBus"}}
{"__type":"$$EventMessageNode","id":"1ce4ef7d-a6fb-4f83-9625-e25fc267faf4","ts":"2026-01-10T07:49:18.025-05:00","eventName":"n8n.node.finished","message":"n8n.node.finished","payload":{"workflowId":"vV7VhZ1K8SM67v3VjEW6s","workflowName":"Order Created - WhatsApp Notification (Evolution)","executionId":"3","nodeType":"n8n-nodes-base.webhook","nodeName":"Webhook","nodeId":"647c9761-3d16-4dba-89eb-45a2f23bd13d"}}
{"__type":"$$EventMessageConfirm","confirm":"1ce4ef7d-a6fb-4f83-9625-e25fc267faf4","ts":"2026-01-10T07:49:18.025-05:00","source":{"id":"0","name":"eventBus"}}
{"__type":"$$EventMessageNode","id":"36921337-c0bd-4f27-bf1d-d6ddc2116fc6","ts":"2026-01-10T07:49:18.027-05:00","eventName":"n8n.node.started","message":"n8n.node.started","payload":{"workflowId":"vV7VhZ1K8SM67v3VjEW6s","workflowName":"Order Created - WhatsApp Notification (Evolution)","executionId":"3","nodeType":"n8n-nodes-base.set","nodeName":"Extract Data","nodeId":"26399a8d-fe35-44ff-8dc8-dded8a51c6a3"}}
{"__type":"$$EventMessageConfirm","confirm":"36921337-c0bd-4f27-bf1d-d6ddc2116fc6","ts":"2026-01-10T07:49:18.027-05:00","source":{"id":"0","name":"eventBus"}}
{"__type":"$$EventMessageNode","id":"c9421c6e-9b6f-4b47-9d96-60c4f46c2c2b","ts":"2026-01-10T07:49:18.051-05:00","eventName":"n8n.node.finished","message":"n8n.node.finished","payload":{"workflowId":"vV7VhZ1K8SM67v3VjEW6s","workflowName":"Order Created - WhatsApp Notification (Evolution)","executionId":"3","nodeType":"n8n-nodes-base.set","nodeName":"Extract Data","nodeId":"26399a8d-fe35-44ff-8dc8-dded8a51c6a3"}}
{"__type":"$$EventMessageConfirm","confirm":"c9421c6e-9b6f-4b47-9d96-60c4f46c2c2b","ts":"2026-01-10T07:49:18.051-05:00","source":{"id":"0","name":"eventBus"}}
{"__type":"$$EventMessageNode","id":"576e6278-f285-400d-97d0-59e622f09cdd","ts":"2026-01-10T07:49:18.052-05:00","eventName":"n8n.node.started","message":"n8n.node.started","payload":{"workflowId":"vV7VhZ1K8SM67v3VjEW6s","workflowName":"Order Created - WhatsApp Notification (Evolution)","executionId":"3","nodeType":"n8n-nodes-base.httpRequest","nodeName":"Send WhatsApp (Evolution)","nodeId":"5c1c7b8f-de99-4817-901f-61fbd0f8b08f"}}
{"__type":"$$EventMessageConfirm","confirm":"576e6278-f285-400d-97d0-59e622f09cdd","ts":"2026-01-10T07:49:18.052-05:00","source":{"id":"0","name":"eventBus"}}
{"__type":"$$EventMessageNode","id":"d580fd7b-2206-43c7-881c-84a01d886b8a","ts":"2026-01-10T07:49:18.207-05:00","eventName":"n8n.node.finished","message":"n8n.node.finished","payload":{"workflowId":"vV7VhZ1K8SM67v3VjEW6s","workflowName":"Order Created - WhatsApp Notification (Evolution)","executionId":"3","nodeType":"n8n-nodes-base.httpRequest","nodeName":"Send WhatsApp (Evolution)","nodeId":"5c1c7b8f-de99-4817-901f-61fbd0f8b08f"}}
{"__type":"$$EventMessageConfirm","confirm":"d580fd7b-2206-43c7-881c-84a01d886b8a","ts":"2026-01-10T07:49:18.207-05:00","source":{"id":"0","name":"eventBus"}}
{"__type":"$$EventMessageWorkflow","id":"36912837-f5b7-4b29-92a4-4f86ecfca528","ts":"2026-01-10T07:49:18.208-05:00","eventName":"n8n.workflow.failed","message":"n8n.workflow.failed","payload":{"executionId":"3","success":false,"isManual":true,"workflowId":"vV7VhZ1K8SM67v3VjEW6s","workflowName":"Order Created - WhatsApp Notification (Evolution)","lastNodeExecuted":"Send WhatsApp (Evolution)","errorNodeType":"n8n-nodes-base.httpRequest","errorMessage":"The service refused the connection - perhaps it is offline"}}
{"__type":"$$EventMessageConfirm","confirm":"36912837-f5b7-4b29-92a4-4f86ecfca528","ts":"2026-01-10T07:49:18.208-05:00","source":{"id":"0","name":"eventBus"}}
{"__type":"$$EventMessageWorkflow","id":"88cbffdd-e082-46fa-a484-2c14ef777da3","ts":"2026-01-10T07:51:32.122-05:00","eventName":"n8n.workflow.started","message":"n8n.workflow.started","payload":{"executionId":"4","workflowId":"vV7VhZ1K8SM67v3VjEW6s","isManual":false,"workflowName":"Order Created - WhatsApp Notification (Evolution)"}}
{"__type":"$$EventMessageConfirm","confirm":"88cbffdd-e082-46fa-a484-2c14ef777da3","ts":"2026-01-10T07:51:32.123-05:00","source":{"id":"0","name":"eventBus"}}
{"__type":"$$EventMessageNode","id":"f91077e8-26ee-4ea0-8d42-871759e23fc0","ts":"2026-01-10T07:51:32.124-05:00","eventName":"n8n.node.started","message":"n8n.node.started","payload":{"workflowId":"vV7VhZ1K8SM67v3VjEW6s","workflowName":"Order Created - WhatsApp Notification (Evolution)","executionId":"4","nodeType":"n8n-nodes-base.webhook","nodeName":"Webhook","nodeId":"647c9761-3d16-4dba-89eb-45a2f23bd13d"}}
{"__type":"$$EventMessageConfirm","confirm":"f91077e8-26ee-4ea0-8d42-871759e23fc0","ts":"2026-01-10T07:51:32.124-05:00","source":{"id":"0","name":"eventBus"}}
{"__type":"$$EventMessageNode","id":"413b7984-42f1-4f00-84a7-b5d779eaf831","ts":"2026-01-10T07:51:32.125-05:00","eventName":"n8n.node.finished","message":"n8n.node.finished","payload":{"workflowId":"vV7VhZ1K8SM67v3VjEW6s","workflowName":"Order Created - WhatsApp Notification (Evolution)","executionId":"4","nodeType":"n8n-nodes-base.webhook","nodeName":"Webhook","nodeId":"647c9761-3d16-4dba-89eb-45a2f23bd13d"}}
{"__type":"$$EventMessageConfirm","confirm":"413b7984-42f1-4f00-84a7-b5d779eaf831","ts":"2026-01-10T07:51:32.125-05:00","source":{"id":"0","name":"eventBus"}}
{"__type":"$$EventMessageNode","id":"332ef5dc-c185-48fa-82d9-53f4caa9f7b6","ts":"2026-01-10T07:51:32.126-05:00","eventName":"n8n.node.started","message":"n8n.node.started","payload":{"workflowId":"vV7VhZ1K8SM67v3VjEW6s","workflowName":"Order Created - WhatsApp Notification (Evolution)","executionId":"4","nodeType":"n8n-nodes-base.set","nodeName":"Extract Data","nodeId":"26399a8d-fe35-44ff-8dc8-dded8a51c6a3"}}
{"__type":"$$EventMessageConfirm","confirm":"332ef5dc-c185-48fa-82d9-53f4caa9f7b6","ts":"2026-01-10T07:51:32.126-05:00","source":{"id":"0","name":"eventBus"}}
{"__type":"$$EventMessageNode","id":"7a75ca3d-5da6-4313-a38b-6722687c784c","ts":"2026-01-10T07:51:32.128-05:00","eventName":"n8n.node.finished","message":"n8n.node.finished","payload":{"workflowId":"vV7VhZ1K8SM67v3VjEW6s","workflowName":"Order Created - WhatsApp Notification (Evolution)","executionId":"4","nodeType":"n8n-nodes-base.set","nodeName":"Extract Data","nodeId":"26399a8d-fe35-44ff-8dc8-dded8a51c6a3"}}
{"__type":"$$EventMessageConfirm","confirm":"7a75ca3d-5da6-4313-a38b-6722687c784c","ts":"2026-01-10T07:51:32.128-05:00","source":{"id":"0","name":"eventBus"}}
{"__type":"$$EventMessageNode","id":"a7e48db1-8fbe-4ac9-a57f-5efa0c9245db","ts":"2026-01-10T07:51:32.128-05:00","eventName":"n8n.node.started","message":"n8n.node.started","payload":{"workflowId":"vV7VhZ1K8SM67v3VjEW6s","workflowName":"Order Created - WhatsApp Notification (Evolution)","executionId":"4","nodeType":"n8n-nodes-base.httpRequest","nodeName":"Send WhatsApp (Evolution)","nodeId":"5c1c7b8f-de99-4817-901f-61fbd0f8b08f"}}
{"__type":"$$EventMessageConfirm","confirm":"a7e48db1-8fbe-4ac9-a57f-5efa0c9245db","ts":"2026-01-10T07:51:32.128-05:00","source":{"id":"0","name":"eventBus"}}
{"__type":"$$EventMessageNode","id":"5c518ff3-6bf9-46b7-bc8b-09fb612c6bfa","ts":"2026-01-10T07:51:33.624-05:00","eventName":"n8n.node.finished","message":"n8n.node.finished","payload":{"workflowId":"vV7VhZ1K8SM67v3VjEW6s","workflowName":"Order Created - WhatsApp Notification (Evolution)","executionId":"4","nodeType":"n8n-nodes-base.httpRequest","nodeName":"Send WhatsApp (Evolution)","nodeId":"5c1c7b8f-de99-4817-901f-61fbd0f8b08f"}}
{"__type":"$$EventMessageConfirm","confirm":"5c518ff3-6bf9-46b7-bc8b-09fb612c6bfa","ts":"2026-01-10T07:51:33.624-05:00","source":{"id":"0","name":"eventBus"}}
{"__type":"$$EventMessageNode","id":"7ea477f7-a936-4d36-b3b9-767b67885563","ts":"2026-01-10T07:51:33.625-05:00","eventName":"n8n.node.started","message":"n8n.node.started","payload":{"workflowId":"vV7VhZ1K8SM67v3VjEW6s","workflowName":"Order Created - WhatsApp Notification (Evolution)","executionId":"4","nodeType":"n8n-nodes-base.respondToWebhook","nodeName":"Respond to Webhook","nodeId":"42c376fb-46e2-4b07-b753-516466f8c8cb"}}
{"__type":"$$EventMessageConfirm","confirm":"7ea477f7-a936-4d36-b3b9-767b67885563","ts":"2026-01-10T07:51:33.625-05:00","source":{"id":"0","name":"eventBus"}}
{"__type":"$$EventMessageNode","id":"77c386d4-b023-4968-b48c-c5ab3af734f3","ts":"2026-01-10T07:51:33.635-05:00","eventName":"n8n.node.finished","message":"n8n.node.finished","payload":{"workflowId":"vV7VhZ1K8SM67v3VjEW6s","workflowName":"Order Created - WhatsApp Notification (Evolution)","executionId":"4","nodeType":"n8n-nodes-base.respondToWebhook","nodeName":"Respond to Webhook","nodeId":"42c376fb-46e2-4b07-b753-516466f8c8cb"}}
{"__type":"$$EventMessageConfirm","confirm":"77c386d4-b023-4968-b48c-c5ab3af734f3","ts":"2026-01-10T07:51:33.635-05:00","source":{"id":"0","name":"eventBus"}}
{"__type":"$$EventMessageWorkflow","id":"f47406e6-e1db-4ac3-b187-fed397c26871","ts":"2026-01-10T07:51:33.636-05:00","eventName":"n8n.workflow.success","message":"n8n.workflow.success","payload":{"executionId":"4","success":true,"isManual":true,"workflowId":"vV7VhZ1K8SM67v3VjEW6s","workflowName":"Order Created - WhatsApp Notification (Evolution)"}}
{"__type":"$$EventMessageConfirm","confirm":"f47406e6-e1db-4ac3-b187-fed397c26871","ts":"2026-01-10T07:51:33.636-05:00","source":{"id":"0","name":"eventBus"}}
{"__type":"$$EventMessageAudit","id":"64531ee5-3c28-406d-8c5e-298ca01ecca8","ts":"2026-01-10T08:15:24.756-05:00","eventName":"n8n.audit.workflow.updated","message":"n8n.audit.workflow.updated","payload":{"userId":"50d9029f-a956-4b07-8ddf-14d69becd54c","_email":"felipeneneu@outlook.com","_firstName":"Felipe","_lastName":"Neneu","globalRole":"global:owner","workflowId":"vV7VhZ1K8SM67v3VjEW6s","workflowName":"Order Created - WhatsApp Notification (Evolution)"}}
{"__type":"$$EventMessageConfirm","confirm":"64531ee5-3c28-406d-8c5e-298ca01ecca8","ts":"2026-01-10T08:15:24.756-05:00","source":{"id":"0","name":"eventBus"}}
{"__type":"$$EventMessageAudit","id":"8773c4bb-8283-44ad-82db-c46f59764716","ts":"2026-01-10T08:17:50.915-05:00","eventName":"n8n.audit.user.login.failed","message":"n8n.audit.user.login.failed","payload":{"authenticationMethod":"email","userEmail":"felipeneneu@outlook.com","reason":"wrong credentials"}}
{"__type":"$$EventMessageConfirm","confirm":"8773c4bb-8283-44ad-82db-c46f59764716","ts":"2026-01-10T08:17:50.915-05:00","source":{"id":"0","name":"eventBus"}}
{"__type":"$$EventMessageAudit","id":"641f7f2e-d39c-4ab8-85d2-e8a8d551224c","ts":"2026-01-10T08:17:55.032-05:00","eventName":"n8n.audit.user.login.success","message":"n8n.audit.user.login.success","payload":{"userId":"50d9029f-a956-4b07-8ddf-14d69becd54c","_email":"felipeneneu@outlook.com","_firstName":"Felipe","_lastName":"Neneu","globalRole":"global:owner","authenticationMethod":"email"}}
{"__type":"$$EventMessageConfirm","confirm":"641f7f2e-d39c-4ab8-85d2-e8a8d551224c","ts":"2026-01-10T08:17:55.032-05:00","source":{"id":"0","name":"eventBus"}}
